07:47:38 location service: radio-map coverage 22%
07:47:38 closed-loop benchmark (city)
policy                            HO/UE/min  ping-pong %   RLF/UE/min   HOF/UE/min      SINR dB    SE b/s/Hz     outage %
-------------------------------------------------------------------------------------------------------------------------
A3 (1dB, 200ms)                      13.234       28.359        0.000        0.197        6.938        2.880        0.817
A3 (2dB, 300ms)                       7.319        8.284        0.019        0.528        6.663        2.851        1.834
A3 (3dB, 500ms)                       4.075        1.610        0.488        0.872        6.074        2.783        4.061
Shipped model (original sim)          8.994       14.837        0.003        0.147        6.915        2.880        0.815
City model: base                     12.050       42.324        0.072        0.384        6.797        2.863        1.396
City model: position                  9.369       35.023        0.038        0.253        6.882        2.874        1.015
City model: radio_map                 8.994       32.870        0.028        0.138        6.954        2.882        0.748
City model: trajectory                8.934       30.640        0.044        0.131        6.904        2.875        0.870
City model: all                       9.244       33.908        0.034        0.144        6.936        2.880        0.818
Oracle (non-causal)                   5.906        6.296        0.000        0.000        7.098        2.899        0.249
07:53:33 done
07:53:35 location service: radio-map coverage 22%
07:53:35 closed-loop benchmark (city)
policy                            HO/UE/min  ping-pong %   RLF/UE/min   HOF/UE/min      SINR dB    SE b/s/Hz     outage %
-------------------------------------------------------------------------------------------------------------------------
A3 (1dB, 200ms)                      13.234       28.359        0.000        0.197        6.938        2.880        0.817
A3 (2dB, 300ms)                       7.319        8.284        0.019        0.528        6.663        2.851        1.834
A3 (3dB, 500ms)                       4.075        1.610        0.488        0.872        6.074        2.783        4.061
Shipped model (original sim)          8.994       14.837        0.003        0.147        6.915        2.880        0.815
City model: base                      7.919       26.993        0.047        0.216        6.860        2.871        1.030
City model: position                  6.722       20.177        0.038        0.172        6.876        2.873        0.917
City model: radio_map                 6.653       19.634        0.003        0.078        6.974        2.885        0.589
City model: trajectory                6.562       18.238        0.031        0.075        6.912        2.876        0.724
City model: all                       6.594       18.483        0.013        0.097        6.951        2.882        0.648
Oracle (non-causal)                   5.906        6.296        0.000        0.000        7.098        2.899        0.249
07:59:30 done
