11:50:21 benchmark: rescue_original (8 policies)
policy                                   HO/UE/min  ping-pong %   return5s %   RLF/UE/min   HOF/UE/min      SINR dB    SE b/s/Hz     outage %
---------------------------------------------------------------------------------------------------------------------------------------------
A3 (1dB, 200ms)                             17.863       31.088       49.720        0.000        0.688        6.975        2.959        2.224
A3 (2dB, 300ms)                             10.356       13.217       35.878        0.016        1.222        6.592        2.919        3.755
Shipped @0.35                               13.338       21.415       43.182        0.006        0.525        7.040        2.969        1.920
Shipped @0.35 +guard rescue -6 dB           12.881       18.656       40.975        0.006        0.541        7.013        2.966        1.995
Shipped @0.35 +guard rescue -8 dB           12.103       12.471       36.148        0.009        0.744        6.882        2.950        2.459
Shipped @0.35 +guard rescue -9 dB           11.722        9.651       34.071        0.009        0.869        6.808        2.942        2.764
Shipped @0.35 +guard rescue -10 dB          11.413        7.393       32.229        0.013        1.025        6.707        2.930        3.139
Shipped @0.35 +guard rescue -inf dB         10.569        0.976       24.660        0.353        0.941        6.484        2.902        4.069
11:55:11 benchmark: rescue_city (8 policies)
policy                                         HO/UE/min  ping-pong %   return5s %   RLF/UE/min   HOF/UE/min      SINR dB    SE b/s/Hz     outage %
---------------------------------------------------------------------------------------------------------------------------------------------------
A3 (1dB, 200ms)                                   13.234       28.359       48.028        0.000        0.197        6.938        2.880        0.817
A3 (2dB, 300ms)                                    7.319        8.284       29.163        0.019        0.528        6.663        2.851        1.834
City radio_map @0.5                                6.653       19.634       33.396        0.003        0.078        6.974        2.885        0.589
City radio_map @0.5 +guard rescue -6 dB            5.959        7.236       24.856        0.003        0.050        6.974        2.885        0.549
City radio_map @0.5 +guard rescue -8 dB            5.812        4.140       23.118        0.003        0.047        6.961        2.883        0.577
City radio_map @0.5 +guard rescue -9 dB            5.738        3.105       22.386        0.003        0.056        6.953        2.882        0.604
City radio_map @0.5 +guard rescue -10 dB           5.675        2.533       22.081        0.003        0.059        6.949        2.881        0.623
City radio_map @0.5 +guard rescue -inf dB          5.597        1.508       20.882        0.031        0.072        6.932        2.880        0.720
12:00:46 done
