11:28:46 benchmark: original (6 policies)
policy                                HO/UE/min  ping-pong %   return5s %   RLF/UE/min   HOF/UE/min      SINR dB    SE b/s/Hz     outage %
------------------------------------------------------------------------------------------------------------------------------------------
A3 (1dB, 200ms)                          17.863       31.088       49.720        0.000        0.688        6.975        2.959        2.224
A3 (2dB, 300ms)                          10.356       13.217       35.878        0.016        1.222        6.592        2.919        3.755
Shipped @0.35                            13.338       21.415       43.182        0.006        0.525        7.040        2.969        1.920
Shipped @0.35 +guard(2s,0.8,3dB)         12.881       18.656       40.975        0.006        0.541        7.013        2.966        1.995
Shipped @0.35 +guard(2s,0.9,5dB)         12.881       18.656       40.975        0.006        0.541        7.013        2.966        1.995
Shipped @0.35 +guard(5s,0.8,3dB)         12.638       18.472       39.515        0.006        0.559        6.999        2.964        2.035
11:34:24 benchmark: city (18 policies)
policy                                      HO/UE/min  ping-pong %   return5s %   RLF/UE/min   HOF/UE/min      SINR dB    SE b/s/Hz     outage %
------------------------------------------------------------------------------------------------------------------------------------------------
A3 (1dB, 200ms)                                13.234       28.359       48.028        0.000        0.197        6.938        2.880        0.817
A3 (2dB, 300ms)                                 7.319        8.284       29.163        0.019        0.528        6.663        2.851        1.834
Shipped @0.35                                   8.994       14.837       35.233        0.003        0.147        6.915        2.880        0.815
Shipped @0.35 +guard(2s,0.8,3dB)                8.675       11.635       32.601        0.003        0.153        6.893        2.876        0.853
Shipped @0.35 +guard(2s,0.9,5dB)                8.675       11.635       32.601        0.003        0.153        6.893        2.876        0.853
Shipped @0.35 +guard(5s,0.8,3dB)                8.475       11.504       29.757        0.003        0.163        6.873        2.873        0.885
City base @0.5                                  7.919       26.993       41.515        0.047        0.216        6.860        2.871        1.030
City base @0.5 +guard(2s,0.8,3dB)               6.694       10.971       30.345        0.034        0.122        6.894        2.874        0.844
City base @0.5 +guard(2s,0.9,5dB)               6.644        9.925       29.774        0.034        0.122        6.890        2.874        0.850
City base @0.5 +guard(5s,0.8,3dB)               6.456       10.068       26.476        0.031        0.103        6.896        2.874        0.806
City radio_map @0.5                             6.653       19.634       33.396        0.003        0.078        6.974        2.885        0.589
City radio_map @0.5 +guard(2s,0.8,3dB)          5.991        8.346       25.248        0.003        0.050        6.979        2.885        0.543
City radio_map @0.5 +guard(2s,0.9,5dB)          5.959        7.236       24.856        0.003        0.050        6.974        2.885        0.549
City radio_map @0.5 +guard(5s,0.8,3dB)          5.934        7.952       23.539        0.003        0.050        6.967        2.884        0.553
City all @0.5                                   6.594       18.483       32.749        0.013        0.097        6.951        2.882        0.648
City all @0.5 +guard(2s,0.8,3dB)                6.038        8.023       26.035        0.013        0.062        6.957        2.883        0.591
City all @0.5 +guard(2s,0.9,5dB)                6.000        7.188       25.521        0.013        0.062        6.954        2.882        0.597
City all @0.5 +guard(5s,0.8,3dB)                5.928        7.538       23.985        0.013        0.062        6.945        2.881        0.599
11:50:03 done
